// Jest Snapshot v1, https://goo.gl/fbAQLP

exports[`<Layout /> should render the Layout 1`] = `
<div
  class="MuiBox-root css-1t0qyeu"
>
  <main
    class="MuiPaper-root MuiPaper-elevation MuiPaper-rounded MuiPaper-elevation5 css-1rt5ekp-MuiPaper-root"
    style="--Paper-shadow: 0px 3px 5px -1px rgba(0,0,0,0.2),0px 5px 8px 0px rgba(0,0,0,0.14),0px 1px 14px 0px rgba(0,0,0,0.12);"
  />
</div>
`;
