// Jest Snapshot v1, https://goo.gl/fbAQLP

exports[`<DataDisplayModal /> should render the heading 1`] = `null`;
